I'm sorry, but errors were detected in your script. Please correct the
errors listed below, and try again.


File "game/script.rpy", line 24: Line is indented, but the preceding play music statement statement does not expect a block. Please check this line's indentation.
    e "Hola"
    ^

Ren'Py Version: Ren'Py 6.99.1.329
